This is pdfTeX, Version 3.141592653-2.6-1.40.28 (MiKTeX 25.12) (preloaded format=pdflatex 2026.2.19)  7 JUN 2026 13:43
entering extended mode
 restricted \write18 enabled.
 %&-line parsing enabled.
**./main.tex
(main.tex
LaTeX2e <2025-11-01>
L3 programming layer <2025-12-24>
(C:\Users\jason\AppData\Local\Programs\MiKTeX\tex/latex/base\report.cls
Document Class: report 2025/01/22 v1.4n Standard LaTeX document class
(C:\Users\jason\AppData\Local\Programs\MiKTeX\tex/latex/base\size12.clo
File: size12.clo 2025/01/22 v1.4n Standard LaTeX file (size option)
)
\c@part=\count275
\c@chapter=\count276
\c@section=\count277
\c@subsection=\count278
\c@subsubsection=\count279
\c@paragraph=\count280
\c@subparagraph=\count281
\c@figure=\count282
\c@table=\count283
\abovecaptionskip=\skip49
\belowcaptionskip=\skip50
\bibindent=\dimen148
)
(odusci.sty
(C:\Users\jason\AppData\Local\Programs\MiKTeX\tex/latex/floatrow\floatrow.sty
Package: floatrow 2008/08/02 v0.3b floatrow: float package extension

(C:\Users\jason\AppData\Local\Programs\MiKTeX\tex/latex/graphics\keyval.sty
Package: keyval 2022/05/29 v1.15 key=value parser (DPC)
\KV@toks@=\toks17
)
(C:\Users\jason\AppData\Local\Programs\MiKTeX\tex/latex/caption\caption3.sty
Package: caption3 2023/07/31 v2.4d caption3 kernel (AR)
\caption@tempdima=\dimen149
\captionmargin=\dimen150
\caption@leftmargin=\dimen151
\caption@rightmargin=\dimen152
\caption@width=\dimen153
\caption@indent=\dimen154
\caption@parindent=\dimen155
\caption@hangindent=\dimen156
Package caption Info: Standard document class detected.
)
\c@float@type=\count284
\float@exts=\toks18
\float@box=\box53
\@floatcapt=\box54
Package floatrow Info: Modified float package code loaded on input line 455.
Package floatrow Info: Modified rotfloat package code loaded on input line 473.

\FR@everyfloat=\toks19
\flrow@foot=\insert252
\FB@wd=\dimen157
\FBo@wd=\dimen158
\FBc@wd=\dimen159
\FBo@ht=\skip51
\FBc@ht=\skip52
\FBf@ht=\skip53
\FBo@max=\skip54
\FBc@max=\skip55
\FBf@max=\skip56
\c@FBl@b=\count285
\floatbox@depth=\count286
\c@FRobj=\count287
\c@FRsobj=\count288
\Xhsize=\skip57
\sXhsize=\skip58
\Zhsize=\skip59
\sZhsize=\skip60
\flrow@rowbox=\box55
\FR@Zunitlength=\dimen160
\c@FBcnt=\count289
\FPOScnt=\count290
\LTleft=\skip61
\LTright=\skip62
\LTleft=\skip63
\LTright=\skip64
\flrow@types=\toks20
)
(C:\Users\jason\AppData\Local\Programs\MiKTeX\tex/latex/subfig\subfig.sty
Package: subfig 2005/06/28 ver: 1.3 subfig package

(C:\Users\jason\AppData\Local\Programs\MiKTeX\tex/latex/caption\caption.sty
Package: caption 2023/08/05 v3.6o Customizing captions (AR)
\c@caption@flags=\count291
\c@continuedfloat=\count292
Package caption Info: float package is loaded.
Package caption Info: floatrow package is loaded.
Package caption Info: floatrow package is loaded.
)
\c@KVtest=\count293
\sf@farskip=\skip65
\sf@captopadj=\dimen161
\sf@capskip=\skip66
\sf@nearskip=\skip67
\c@subfigure=\count294
\c@subfigure@save=\count295
\c@lofdepth=\count296
\c@subtable=\count297
\c@subtable@save=\count298
\c@lotdepth=\count299
\sf@top=\skip68
\sf@bottom=\skip69
)
(C:\Users\jason\AppData\Local\Programs\MiKTeX\tex/latex/graphics\graphicx.sty
Package: graphicx 2024/12/31 v1.2e Enhanced LaTeX Graphics (DPC,SPQR)

(C:\Users\jason\AppData\Local\Programs\MiKTeX\tex/latex/graphics\graphics.sty
Package: graphics 2024/08/06 v1.4g Standard LaTeX Graphics (DPC,SPQR)

(C:\Users\jason\AppData\Local\Programs\MiKTeX\tex/latex/graphics\trig.sty
Package: trig 2023/12/02 v1.11 sin cos tan (DPC)
)
(C:\Users\jason\AppData\Local\Programs\MiKTeX\tex/latex/graphics-cfg\graphics.c
fg
File: graphics.cfg 2016/06/04 v1.11 sample graphics configuration
)
Package graphics Info: Driver file: pdftex.def on input line 106.

(C:\Users\jason\AppData\Local\Programs\MiKTeX\tex/latex/graphics-def\pdftex.def
File: pdftex.def 2025/09/29 v1.2d Graphics/color driver for pdftex
))
\Gin@req@height=\dimen162
\Gin@req@width=\dimen163
)
(C:\Users\jason\AppData\Local\Programs\MiKTeX\tex/latex/graphics\rotating.sty
Package: rotating 2025/01/14 v2.16e rotated objects in LaTeX

(C:\Users\jason\AppData\Local\Programs\MiKTeX\tex/latex/base\ifthen.sty
Package: ifthen 2024/03/16 v1.1e Standard LaTeX ifthen package (DPC)
)
\c@r@tfl@t=\count300
\rotFPtop=\skip70
\rotFPbot=\skip71
\rot@float@box=\box56
\rot@mess@toks=\toks21
)
(C:\Users\jason\AppData\Local\Programs\MiKTeX\tex/latex/tools\indentfirst.sty
Package: indentfirst 2023/07/02 v1.03 Indent first paragraph (DPC)
)
(C:\Users\jason\AppData\Local\Programs\MiKTeX\tex/latex/tools\afterpage.sty
Package: afterpage 2023/07/04 v1.08 After-Page Package (DPC)
\AP@output=\toks22
\AP@partial=\box57
\AP@footins=\box58
)
(C:\Users\jason\AppData\Local\Programs\MiKTeX\tex/latex/ragged2e\ragged2e.sty
Package: ragged2e 2023/06/22 v3.6 ragged2e Package
\CenteringLeftskip=\skip72
\RaggedLeftLeftskip=\skip73
\RaggedRightLeftskip=\skip74
\CenteringRightskip=\skip75
\RaggedLeftRightskip=\skip76
\RaggedRightRightskip=\skip77
\CenteringParfillskip=\skip78
\RaggedLeftParfillskip=\skip79
\RaggedRightParfillskip=\skip80
\JustifyingParfillskip=\skip81
\CenteringParindent=\skip82
\RaggedLeftParindent=\skip83
\RaggedRightParindent=\skip84
\JustifyingParindent=\skip85
)
(C:\Users\jason\AppData\Local\Programs\MiKTeX\tex/latex/fancyhdr\fancyhdr.sty
Package: fancyhdr 2025/02/07 v5.2 Extensive control of page headers and footers

\f@nch@headwidth=\skip86
\f@nch@offset@elh=\skip87
\f@nch@offset@erh=\skip88
\f@nch@offset@olh=\skip89
\f@nch@offset@orh=\skip90
\f@nch@offset@elf=\skip91
\f@nch@offset@erf=\skip92
\f@nch@offset@olf=\skip93
\f@nch@offset@orf=\skip94
\f@nch@height=\skip95
\f@nch@footalignment=\skip96
\f@nch@widthL=\skip97
\f@nch@widthC=\skip98
\f@nch@widthR=\skip99
\@temptokenb=\toks23
)
(C:\Users\jason\AppData\Local\Programs\MiKTeX\tex/latex/changepage\changepage.s
ty
Package: changepage 2009/10/20 v1.0c check page and change page layout
\c@cp@cntr=\count301
\cp@tempcnt=\count302
)
(C:\Users\jason\AppData\Local\Programs\MiKTeX\tex/latex/enumitem\enumitem.sty
Package: enumitem 2025/02/06 v3.11 Customized lists
\labelindent=\skip100
\enit@outerparindent=\dimen164
\enit@toks=\toks24
\enit@inbox=\box59
\enit@count@id=\count303
\enitdp@description=\count304
)
(C:\Users\jason\AppData\Local\Programs\MiKTeX\tex/latex/base\atbegshi-ltx.sty
Package: atbegshi-ltx 2021/01/10 v1.0c Emulation of the original atbegshi
package with kernel methods
)
(C:\Users\jason\AppData\Local\Programs\MiKTeX\tex/latex/titlecaps\titlecaps.sty
Package: titlecaps 2022/04/12\ 1.3\ Routines for setting rich-text input into T
itling Caps
(C:\Users\jason\AppData\Local\Programs\MiKTeX\tex/latex/ifnextok\ifnextok.sty
Package: ifnextok 2011/06/27 v0.3 test next token (UL)
)
\c@lcword@index=\count305
\c@word@count=\count306
\c@lc@words=\count307
\c@dia@count=\count308
\c@arg@@@index=\count309
) (C:\Users\jason\AppData\Local\Programs\MiKTeX\tex/latex/base\fontenc.sty
Package: fontenc 2025/07/18 v2.1d Standard LaTeX package
)
(C:\Users\jason\AppData\Local\Programs\MiKTeX\tex/latex/psnfss\mathptmx.sty
Package: mathptmx 2020/03/25 PSNFSS-v9.3 Times w/ Math, improved (SPQR, WaS) 
LaTeX Font Info:    Redeclaring symbol font `operators' on input line 28.
LaTeX Font Info:    Overwriting symbol font `operators' in version `normal'
(Font)                  OT1/cmr/m/n --> OT1/ztmcm/m/n on input line 28.
LaTeX Font Info:    Overwriting symbol font `operators' in version `bold'
(Font)                  OT1/cmr/bx/n --> OT1/ztmcm/m/n on input line 28.
LaTeX Font Info:    Redeclaring symbol font `letters' on input line 29.
LaTeX Font Info:    Overwriting symbol font `letters' in version `normal'
(Font)                  OML/cmm/m/it --> OML/ztmcm/m/it on input line 29.
LaTeX Font Info:    Overwriting symbol font `letters' in version `bold'
(Font)                  OML/cmm/b/it --> OML/ztmcm/m/it on input line 29.
LaTeX Font Info:    Redeclaring symbol font `symbols' on input line 30.
LaTeX Font Info:    Overwriting symbol font `symbols' in version `normal'
(Font)                  OMS/cmsy/m/n --> OMS/ztmcm/m/n on input line 30.
LaTeX Font Info:    Overwriting symbol font `symbols' in version `bold'
(Font)                  OMS/cmsy/b/n --> OMS/ztmcm/m/n on input line 30.
LaTeX Font Info:    Redeclaring symbol font `largesymbols' on input line 31.
LaTeX Font Info:    Overwriting symbol font `largesymbols' in version `normal'
(Font)                  OMX/cmex/m/n --> OMX/ztmcm/m/n on input line 31.
LaTeX Font Info:    Overwriting symbol font `largesymbols' in version `bold'
(Font)                  OMX/cmex/m/n --> OMX/ztmcm/m/n on input line 31.
\symbold=\mathgroup4
\symitalic=\mathgroup5
LaTeX Font Info:    Redeclaring math alphabet \mathbf on input line 34.
LaTeX Font Info:    Overwriting math alphabet `\mathbf' in version `normal'
(Font)                  OT1/cmr/bx/n --> OT1/ptm/bx/n on input line 34.
LaTeX Font Info:    Overwriting math alphabet `\mathbf' in version `bold'
(Font)                  OT1/cmr/bx/n --> OT1/ptm/bx/n on input line 34.
LaTeX Font Info:    Redeclaring math alphabet \mathit on input line 35.
LaTeX Font Info:    Overwriting math alphabet `\mathit' in version `normal'
(Font)                  OT1/cmr/m/it --> OT1/ptm/m/it on input line 35.
LaTeX Font Info:    Overwriting math alphabet `\mathit' in version `bold'
(Font)                  OT1/cmr/bx/it --> OT1/ptm/m/it on input line 35.
LaTeX Info: Redefining \hbar on input line 50.
)
(C:\Users\jason\AppData\Local\Programs\MiKTeX\tex/latex/listings\listings.sty
\lst@mode=\count310
\lst@gtempboxa=\box60
\lst@token=\toks25
\lst@length=\count311
\lst@currlwidth=\dimen165
\lst@column=\count312
\lst@pos=\count313
\lst@lostspace=\dimen166
\lst@width=\dimen167
\lst@newlines=\count314
\lst@lineno=\count315
\lst@maxwidth=\dimen168

(C:\Users\jason\AppData\Local\Programs\MiKTeX\tex/latex/listings\lstpatch.sty
File: lstpatch.sty 2025/11/14 1.11b (Carsten Heinz)
)
(C:\Users\jason\AppData\Local\Programs\MiKTeX\tex/latex/listings\lstmisc.sty
File: lstmisc.sty 2025/11/14 1.11b (Carsten Heinz)
\c@lstnumber=\count316
\lst@skipnumbers=\count317
\lst@framebox=\box61
)
(C:\Users\jason\AppData\Local\Programs\MiKTeX\tex/latex/listings\listings.cfg
File: listings.cfg 2025/11/14 1.11b listings configuration
))
Package: listings 2025/11/14 1.11b (Carsten Heinz)
==> First Aid for listings.sty no longer applied!
    Expected:
        2024/09/23 1.10c (Carsten Heinz)
    but found:
        2025/11/14 1.11b (Carsten Heinz)
    so I'm assuming it got fixed.
(C:\Users\jason\AppData\Local\Programs\MiKTeX\tex/latex/xcolor\xcolor.sty
Package: xcolor 2024/09/29 v3.02 LaTeX color extensions (UK)

(C:\Users\jason\AppData\Local\Programs\MiKTeX\tex/latex/graphics-cfg\color.cfg
File: color.cfg 2016/01/02 v1.6 sample color configuration
)
Package xcolor Info: Driver file: pdftex.def on input line 274.
(C:\Users\jason\AppData\Local\Programs\MiKTeX\tex/latex/graphics\mathcolor.ltx)
Package xcolor Info: Model `cmy' substituted by `cmy0' on input line 1349.
Package xcolor Info: Model `hsb' substituted by `rgb' on input line 1353.
Package xcolor Info: Model `RGB' extended on input line 1365.
Package xcolor Info: Model `HTML' substituted by `rgb' on input line 1367.
Package xcolor Info: Model `Hsb' substituted by `hsb' on input line 1368.
Package xcolor Info: Model `tHsb' substituted by `hsb' on input line 1369.
Package xcolor Info: Model `HSB' substituted by `hsb' on input line 1370.
Package xcolor Info: Model `Gray' substituted by `gray' on input line 1371.
Package xcolor Info: Model `wave' substituted by `hsb' on input line 1372.
) (C:\Users\jason\AppData\Local\Programs\MiKTeX\tex/latex/url\url.sty
\Urlmuskip=\muskip17
Package: url 2013/09/16  ver 3.4  Verb mode for urls, etc.
)
(C:\Users\jason\AppData\Local\Programs\MiKTeX\tex/latex/appendix\appendix.sty
Package: appendix 2020/02/08 v1.2c extra appendix facilities
\c@@pps=\count318
\c@@ppsavesec=\count319
\c@@ppsaveapp=\count320
)
(C:\Users\jason\AppData\Local\Programs\MiKTeX\tex/latex/base\inputenc.sty
Package: inputenc 2024/02/08 v1.3d Input encoding file
\inpenc@prehook=\toks26
\inpenc@posthook=\toks27
)
(C:\Users\jason\AppData\Local\Programs\MiKTeX\tex/generic/babel\babel.sty
Package: babel 2025/12/11 v25.17 The multilingual framework for LuaLaTeX, pdfLa
TeX and XeLaTeX
\babel@savecnt=\count321
LaTeX Encoding Info:    Redeclaring text command \ij (encoding OT1) on input li
ne 2068.
LaTeX Encoding Info:    Redeclaring text command \IJ (encoding OT1) on input li
ne 2070.
LaTeX Encoding Info:    Redeclaring text command \ij (encoding T1) on input lin
e 2072.
LaTeX Encoding Info:    Redeclaring text command \IJ (encoding T1) on input lin
e 2073.
LaTeX Encoding Info:    Ignoring declaration for text command \ij (encoding ?) 
on input line 2074.
LaTeX Encoding Info:    Ignoring declaration for text command \IJ (encoding ?) 
on input line 2076.
LaTeX Encoding Info:    Ignoring declaration for text command \SS (encoding ?) 
on input line 2101.
\U@D=\dimen169
\l@unhyphenated=\language79

(C:\Users\jason\AppData\Local\Programs\MiKTeX\tex/generic/babel\txtbabel.def)
\bbl@readstream=\read2
\bbl@dirlevel=\count322
Package babel Info: Configuration files are deprecated, as
(babel)             they can break document portability.
(babel)             Reported on input line 4196.

*************************************
* Local config file bblopts.cfg used
*
(C:\Users\jason\AppData\Local\Programs\MiKTeX\tex/latex/arabi\bblopts.cfg
File: bblopts.cfg 2005/09/08 v0.1 add Arabic and Farsi to "declared" options of
 babel
)
(C:\Users\jason\AppData\Local\Programs\MiKTeX\tex/generic/babel/locale/en\babel
-english.tex)
Package babel Info: Importing font and identification data for english
(babel)             from babel-en.ini. Reported on input line 4320.

(C:\Users\jason\AppData\Local\Programs\MiKTeX\tex/latex/babel-english\english.l
df
Language: english 2017/06/06 v3.3r English support from the babel system
Package babel Info: Hyphen rules for 'canadian' set to \l@english
(babel)             (\language0). Reported on input line 102.
Package babel Info: Hyphen rules for 'australian' set to \l@ukenglish
(babel)             (\language73). Reported on input line 105.
Package babel Info: Hyphen rules for 'newzealand' set to \l@ukenglish
(babel)             (\language73). Reported on input line 108.
))
(C:\Users\jason\AppData\Local\Programs\MiKTeX\tex/latex/csquotes\csquotes.sty
Package: csquotes 2024-04-04 v5.2o context-sensitive quotations (JAW)

(C:\Users\jason\AppData\Local\Programs\MiKTeX\tex/latex/etoolbox\etoolbox.sty
Package: etoolbox 2025/10/02 v2.5m e-TeX tools for LaTeX (JAW)
\etb@tempcnta=\count323
)
\csq@reset=\count324
\csq@gtype=\count325
\csq@glevel=\count326
\csq@qlevel=\count327
\csq@maxlvl=\count328
\csq@tshold=\count329
\csq@ltx@everypar=\toks28

(C:\Users\jason\AppData\Local\Programs\MiKTeX\tex/latex/csquotes\csquotes.def
File: csquotes.def 2024-04-04 v5.2o csquotes generic definitions (JAW)
)
Package csquotes Info: Trying to load configuration file 'csquotes.cfg'...
Package csquotes Info: ... configuration file loaded successfully.

(C:\Users\jason\AppData\Local\Programs\MiKTeX\tex/latex/csquotes\csquotes.cfg
File: csquotes.cfg 
)) (C:\Users\jason\AppData\Local\Programs\MiKTeX\tex/latex/geometry\geometry.st
y
Package: geometry 2020/01/02 v5.9 Page Geometry

(C:\Users\jason\AppData\Local\Programs\MiKTeX\tex/generic/iftex\ifvtex.sty
Package: ifvtex 2019/10/25 v1.7 ifvtex legacy package. Use iftex instead.

(C:\Users\jason\AppData\Local\Programs\MiKTeX\tex/generic/iftex\iftex.sty
Package: iftex 2024/12/12 v1.0g TeX engine tests
))
\Gm@cnth=\count330
\Gm@cntv=\count331
\c@Gm@tempcnt=\count332
\Gm@bindingoffset=\dimen170
\Gm@wd@mp=\dimen171
\Gm@odd@mp=\dimen172
\Gm@even@mp=\dimen173
\Gm@layoutwidth=\dimen174
\Gm@layoutheight=\dimen175
\Gm@layouthoffset=\dimen176
\Gm@layoutvoffset=\dimen177
\Gm@dimlist=\toks29

(C:\Users\jason\AppData\Local\Programs\MiKTeX\tex/latex/geometry\geometry.cfg))
Package caption Info: Option `figurename' requires the `newfloat' package on in
put line 621.
(C:\Users\jason\AppData\Local\Programs\MiKTeX\tex/latex/newfloat\newfloat.sty
Package: newfloat 2023/10/01 v1.2 Defining new floating environments (AR)
Package newfloat Info: Unsupported document class, or \@chapter 
(newfloat)             was already redefined by another package.
Package newfloat Info: \@chapter = macro:[#1]#2->\ifnum \c@secnumdepth >\m@ne \
refstepcounter {chapter}\par \addtocontents {toc}{\protect \vspace {0.42cm}} \a
ddcontentsline {toc}{chapter} {\protect \numberline {\thechapter .}\uppercase {
#1}}\else \addcontentsline {toc}{chapter}{\uppercase {#1}}\fi \par \if@twocolum
n \@topnewpage [\@makechapterhead {#2}]\else \@makechapterhead {#2}\@afterheadi
ng \fi .
Package newfloat Info: \Hy@org@chapter = undefined.
Package newfloat Info: \algocf@original@chapter = undefined.
Package newfloat Info: `rotating' package detected.
)) (C:\Users\jason\AppData\Local\Programs\MiKTeX\tex/latex/amsmath\amsmath.sty
Package: amsmath 2025/07/09 v2.17z AMS math features
\@mathmargin=\skip101

For additional information on amsmath, use the `?' option.
(C:\Users\jason\AppData\Local\Programs\MiKTeX\tex/latex/amsmath\amstext.sty
Package: amstext 2024/11/17 v2.01 AMS text

(C:\Users\jason\AppData\Local\Programs\MiKTeX\tex/latex/amsmath\amsgen.sty
File: amsgen.sty 1999/11/30 v2.0 generic functions
\@emptytoks=\toks30
\ex@=\dimen178
))
(C:\Users\jason\AppData\Local\Programs\MiKTeX\tex/latex/amsmath\amsbsy.sty
Package: amsbsy 1999/11/29 v1.2d Bold Symbols
\pmbraise@=\dimen179
)
(C:\Users\jason\AppData\Local\Programs\MiKTeX\tex/latex/amsmath\amsopn.sty
Package: amsopn 2022/04/08 v2.04 operator names
)
\inf@bad=\count333
LaTeX Info: Redefining \frac on input line 233.
\uproot@=\count334
\leftroot@=\count335
LaTeX Info: Redefining \overline on input line 398.
LaTeX Info: Redefining \colon on input line 409.
\classnum@=\count336
\DOTSCASE@=\count337
LaTeX Info: Redefining \ldots on input line 495.
LaTeX Info: Redefining \dots on input line 498.
LaTeX Info: Redefining \cdots on input line 619.
\Mathstrutbox@=\box62
\strutbox@=\box63
LaTeX Info: Redefining \big on input line 721.
LaTeX Info: Redefining \Big on input line 722.
LaTeX Info: Redefining \bigg on input line 723.
LaTeX Info: Redefining \Bigg on input line 724.
\big@size=\dimen180
LaTeX Font Info:    Redeclaring font encoding OML on input line 742.
LaTeX Font Info:    Redeclaring font encoding OMS on input line 743.
\macc@depth=\count338
LaTeX Info: Redefining \bmod on input line 904.
LaTeX Info: Redefining \pmod on input line 909.
LaTeX Info: Redefining \smash on input line 939.
LaTeX Info: Redefining \relbar on input line 969.
LaTeX Info: Redefining \Relbar on input line 970.
\c@MaxMatrixCols=\count339
\dotsspace@=\muskip18
\c@parentequation=\count340
\dspbrk@lvl=\count341
\tag@help=\toks31
\row@=\count342
\column@=\count343
\maxfields@=\count344
\andhelp@=\toks32
\eqnshift@=\dimen181
\alignsep@=\dimen182
\tagshift@=\dimen183
\tagwidth@=\dimen184
\totwidth@=\dimen185
\lineht@=\dimen186
\@envbody=\toks33
\multlinegap=\skip102
\multlinetaggap=\skip103
\mathdisplay@stack=\toks34
LaTeX Info: Redefining \[ on input line 2950.
LaTeX Info: Redefining \] on input line 2951.
)
(C:\Users\jason\AppData\Local\Programs\MiKTeX\tex/latex/amsfonts\amssymb.sty
Package: amssymb 2013/01/14 v3.01 AMS font symbols

(C:\Users\jason\AppData\Local\Programs\MiKTeX\tex/latex/amsfonts\amsfonts.sty
Package: amsfonts 2013/01/14 v3.01 Basic AMSFonts support
\symAMSa=\mathgroup6
\symAMSb=\mathgroup7
LaTeX Font Info:    Overwriting math alphabet `\mathfrak' in version `bold'
(Font)                  U/euf/m/n --> U/euf/b/n on input line 106.
)) (C:\Users\jason\AppData\Local\Programs\MiKTeX\tex/latex/amscls\amsthm.sty
Package: amsthm 2020/05/29 v2.20.6
\thm@style=\toks35
\thm@bodyfont=\toks36
\thm@headfont=\toks37
\thm@notefont=\toks38
\thm@headpunct=\toks39
\thm@preskip=\skip104
\thm@postskip=\skip105
\thm@headsep=\skip106
\dth@everypar=\toks40
)
(C:\Users\jason\AppData\Local\Programs\MiKTeX\tex/latex/algorithms\algorithm.st
y
Package: algorithm 2009/08/24 v0.1 Document Style `algorithm' - floating enviro
nment
\c@algorithm=\count345
)
(C:\Users\jason\AppData\Local\Programs\MiKTeX\tex/latex/algorithmicx\algpseudoc
ode.sty
Package: algpseudocode 

(C:\Users\jason\AppData\Local\Programs\MiKTeX\tex/latex/algorithmicx\algorithmi
cx.sty
Package: algorithmicx 2005/04/27 v1.2 Algorithmicx

Document Style algorithmicx 1.2 - a greatly improved `algorithmic' style
\c@ALG@line=\count346
\c@ALG@rem=\count347
\c@ALG@nested=\count348
\ALG@tlm=\skip107
\ALG@thistlm=\skip108
\c@ALG@Lnr=\count349
\c@ALG@blocknr=\count350
\c@ALG@storecount=\count351
\c@ALG@tmpcounter=\count352
\ALG@tmplength=\skip109
)
Document Style - pseudocode environments for use with the `algorithmicx' style
) (C:\Users\jason\AppData\Local\Programs\MiKTeX\tex/latex/placeins\placeins.sty
Package: placeins 2005/04/18  v 2.2
) (C:\Users\jason\AppData\Local\Programs\MiKTeX\tex/latex/tools\tabularx.sty
Package: tabularx 2023/12/11 v2.12a `tabularx' package (DPC)

(C:\Users\jason\AppData\Local\Programs\MiKTeX\tex/latex/tools\array.sty
Package: array 2025/09/25 v2.6n Tabular extension package (FMi)
\col@sep=\dimen187
\ar@mcellbox=\box64
\extrarowheight=\dimen188
\NC@list=\toks41
\extratabsurround=\skip110
\backup@length=\skip111
\ar@cellbox=\box65
)
\TX@col@width=\dimen189
\TX@old@table=\dimen190
\TX@old@col=\dimen191
\TX@target=\dimen192
\TX@delta=\dimen193
\TX@cols=\count353
\TX@ftn=\toks42
)
\c@theorem=\count354

(C:\Users\jason\AppData\Local\Programs\MiKTeX\tex/latex/biblatex\biblatex.sty
Package: biblatex 2025/07/10 v3.21 programmable bibliographies (PK/MW)

(C:\Users\jason\AppData\Local\Programs\MiKTeX\tex/generic/pdftexcmds\pdftexcmds
.sty
Package: pdftexcmds 2020-06-27 v0.33 Utility functions of pdfTeX for LuaTeX (HO
)

(C:\Users\jason\AppData\Local\Programs\MiKTeX\tex/generic/infwarerr\infwarerr.s
ty
Package: infwarerr 2019/12/03 v1.5 Providing info/warning/error messages (HO)
)
(C:\Users\jason\AppData\Local\Programs\MiKTeX\tex/generic/ltxcmds\ltxcmds.sty
Package: ltxcmds 2023-12-04 v1.26 LaTeX kernel commands for general use (HO)
)
Package pdftexcmds Info: \pdf@primitive is available.
Package pdftexcmds Info: \pdf@ifprimitive is available.
Package pdftexcmds Info: \pdfdraftmode found.
)
(C:\Users\jason\AppData\Local\Programs\MiKTeX\tex/latex/kvoptions\kvoptions.sty
Package: kvoptions 2022-06-15 v3.15 Key value format for package options (HO)

(C:\Users\jason\AppData\Local\Programs\MiKTeX\tex/latex/kvsetkeys\kvsetkeys.sty
Package: kvsetkeys 2022-10-05 v1.19 Key value parser (HO)
)) (C:\Users\jason\AppData\Local\Programs\MiKTeX\tex/latex/logreq\logreq.sty
Package: logreq 2010/08/04 v1.0 xml request logger
\lrq@indent=\count355

(C:\Users\jason\AppData\Local\Programs\MiKTeX\tex/latex/logreq\logreq.def
File: logreq.def 2010/08/04 v1.0 logreq spec v1.0
))
\c@tabx@nest=\count356
\c@listtotal=\count357
\c@listcount=\count358
\c@liststart=\count359
\c@liststop=\count360
\c@citecount=\count361
\c@citetotal=\count362
\c@multicitecount=\count363
\c@multicitetotal=\count364
\c@instcount=\count365
\c@maxnames=\count366
\c@minnames=\count367
\c@maxitems=\count368
\c@minitems=\count369
\c@citecounter=\count370
\c@maxcitecounter=\count371
\c@savedcitecounter=\count372
\c@uniquelist=\count373
\c@uniquename=\count374
\c@refsection=\count375
\c@refsegment=\count376
\c@maxextratitle=\count377
\c@maxextratitleyear=\count378
\c@maxextraname=\count379
\c@maxextradate=\count380
\c@maxextraalpha=\count381
\c@abbrvpenalty=\count382
\c@highnamepenalty=\count383
\c@lownamepenalty=\count384
\c@maxparens=\count385
\c@parenlevel=\count386
\blx@tempcnta=\count387
\blx@tempcntb=\count388
\blx@tempcntc=\count389
\c@blx@maxsection=\count390
\blx@maxsegment@0=\count391
\blx@notetype=\count392
\blx@parenlevel@text=\count393
\blx@parenlevel@foot=\count394
\blx@sectionciteorder@0=\count395
\blx@sectionciteorderinternal@0=\count396
\blx@entrysetcounter=\count397
\blx@biblioinstance=\count398
\labelnumberwidth=\skip112
\labelalphawidth=\skip113
\biblabelsep=\skip114
\bibitemsep=\skip115
\bibnamesep=\skip116
\bibinitsep=\skip117
\bibparsep=\skip118
\bibhang=\skip119
\blx@bcfin=\read3
\blx@bcfout=\write3
\blx@langwohyphens=\language80
\c@mincomprange=\count399
\c@maxcomprange=\count400
\c@mincompwidth=\count401
Package biblatex Info: Trying to load biblatex default data model...
Package biblatex Info: ... file 'blx-dm.def' found.

(C:\Users\jason\AppData\Local\Programs\MiKTeX\tex/latex/biblatex\blx-dm.def
File: blx-dm.def 2025/07/10 v3.21 biblatex datamodel (PK/MW)
)
Package biblatex Info: Trying to load biblatex style data model...
Package biblatex Info: ... file 'ieee.dbx' not found.
Package biblatex Info: Trying to load biblatex custom data model...
Package biblatex Info: ... file 'biblatex-dm.cfg' not found.
\c@afterword=\count402
\c@savedafterword=\count403
\c@annotator=\count404
\c@savedannotator=\count405
\c@author=\count406
\c@savedauthor=\count407
\c@bookauthor=\count408
\c@savedbookauthor=\count409
\c@commentator=\count410
\c@savedcommentator=\count411
\c@editor=\count412
\c@savededitor=\count413
\c@editora=\count414
\c@savededitora=\count415
\c@editorb=\count416
\c@savededitorb=\count417
\c@editorc=\count418
\c@savededitorc=\count419
\c@foreword=\count420
\c@savedforeword=\count421
\c@holder=\count422
\c@savedholder=\count423
\c@introduction=\count424
\c@savedintroduction=\count425
\c@namea=\count426
\c@savednamea=\count427
\c@nameb=\count428
\c@savednameb=\count429
\c@namec=\count430
\c@savednamec=\count431
\c@translator=\count432
\c@savedtranslator=\count433
\c@shortauthor=\count434
\c@savedshortauthor=\count435
\c@shorteditor=\count436
\c@savedshorteditor=\count437
\c@labelname=\count438
\c@savedlabelname=\count439
\c@institution=\count440
\c@savedinstitution=\count441
\c@lista=\count442
\c@savedlista=\count443
\c@listb=\count444
\c@savedlistb=\count445
\c@listc=\count446
\c@savedlistc=\count447
\c@listd=\count448
\c@savedlistd=\count449
\c@liste=\count450
\c@savedliste=\count451
\c@listf=\count452
\c@savedlistf=\count453
\c@location=\count454
\c@savedlocation=\count455
\c@organization=\count456
\c@savedorganization=\count457
\c@origlocation=\count458
\c@savedoriglocation=\count459
\c@origpublisher=\count460
\c@savedorigpublisher=\count461
\c@publisher=\count462
\c@savedpublisher=\count463
\c@language=\count464
\c@savedlanguage=\count465
\c@origlanguage=\count466
\c@savedoriglanguage=\count467
\c@pageref=\count468
\c@savedpageref=\count469
\shorthandwidth=\skip120
\shortjournalwidth=\skip121
\shortserieswidth=\skip122
\shorttitlewidth=\skip123
\shortauthorwidth=\skip124
\shorteditorwidth=\skip125
\locallabelnumberwidth=\skip126
\locallabelalphawidth=\skip127
\localshorthandwidth=\skip128
\localshortjournalwidth=\skip129
\localshortserieswidth=\skip130
\localshorttitlewidth=\skip131
\localshortauthorwidth=\skip132
\localshorteditorwidth=\skip133
Package biblatex Info: Trying to load compatibility code...
Package biblatex Info: ... file 'blx-compat.def' found.

(C:\Users\jason\AppData\Local\Programs\MiKTeX\tex/latex/biblatex\blx-compat.def
File: blx-compat.def 2025/07/10 v3.21 biblatex compatibility (PK/MW)
)
Package biblatex Info: Trying to load BibTeX backend compatibility...
Package biblatex Info: ... file 'blx-bibtex.def' found.

(C:\Users\jason\AppData\Local\Programs\MiKTeX\tex/latex/biblatex\blx-bibtex.def
File: blx-bibtex.def 2025/07/10 v3.21 biblatex compatibility (PK/MW)

Package biblatex Warning: Using fall-back bibtex backend:
(biblatex)                functionality may be reduced/unavailable.

)
Package biblatex Info: Trying to load generic definitions...
Package biblatex Info: ... file 'biblatex.def' found.
 (C:\Users\jason\AppData\Local\Programs\MiKTeX\tex/latex/biblatex\biblatex.def
File: biblatex.def 2025/07/10 v3.21 biblatex compatibility (PK/MW)
\c@textcitecount=\count470
\c@textcitetotal=\count471
\c@textcitemaxnames=\count472
\c@biburlbigbreakpenalty=\count473
\c@biburlbreakpenalty=\count474
\c@biburlnumpenalty=\count475
\c@biburlucpenalty=\count476
\c@biburllcpenalty=\count477
\biburlbigskip=\muskip19
\biburlnumskip=\muskip20
\biburlucskip=\muskip21
\biburllcskip=\muskip22
\c@smartand=\count478
)
Package biblatex Info: Trying to load bibliography style 'ieee'...
Package biblatex Info: ... file 'ieee.bbx' found.

(C:\Users\jason\AppData\Local\Programs\MiKTeX\tex/latex/biblatex-ieee\ieee.bbx
File: ieee.bbx 2025-08-01 v1.4f biblatex bibliography style
Package biblatex Info: Trying to load bibliography style 'numeric-comp'...
Package biblatex Info: ... file 'numeric-comp.bbx' found.

(C:\Users\jason\AppData\Local\Programs\MiKTeX\tex/latex/biblatex/bbx\numeric-co
mp.bbx
File: numeric-comp.bbx 2025/07/10 v3.21 biblatex bibliography style (PK/MW)
Package biblatex Info: Trying to load bibliography style 'numeric'...
Package biblatex Info: ... file 'numeric.bbx' found.

(C:\Users\jason\AppData\Local\Programs\MiKTeX\tex/latex/biblatex/bbx\numeric.bb
x
File: numeric.bbx 2025/07/10 v3.21 biblatex bibliography style (PK/MW)
Package biblatex Info: Trying to load bibliography style 'standard'...
Package biblatex Info: ... file 'standard.bbx' found.

(C:\Users\jason\AppData\Local\Programs\MiKTeX\tex/latex/biblatex/bbx\standard.b
bx
File: standard.bbx 2025/07/10 v3.21 biblatex bibliography style (PK/MW)
\c@bbx:relatedcount=\count479
\c@bbx:relatedtotal=\count480
))))
Package biblatex Info: Trying to load citation style 'numeric-comp'...
Package biblatex Info: ... file 'numeric-comp.cbx' found.

(C:\Users\jason\AppData\Local\Programs\MiKTeX\tex/latex/biblatex/cbx\numeric-co
mp.cbx
File: numeric-comp.cbx 2025/07/10 v3.21 biblatex citation style (PK/MW)
\c@cbx@tempcnta=\count481
\c@cbx@tempcntb=\count482
\c@cbx@tempcntc=\count483
\c@cbx@tempcntd=\count484
Package biblatex Info: Redefining '\cite'.
Package biblatex Info: Redefining '\parencite'.
Package biblatex Info: Redefining '\footcite'.
Package biblatex Info: Redefining '\footcitetext'.
Package biblatex Info: Redefining '\smartcite'.
Package biblatex Info: Redefining '\supercite'.
Package biblatex Info: Redefining '\textcite'.
Package biblatex Info: Redefining '\textcites'.
Package biblatex Info: Redefining '\cites'.
Package biblatex Info: Redefining '\parencites'.
Package biblatex Info: Redefining '\smartcites'.
)
Package biblatex Info: Trying to load configuration file...
Package biblatex Info: ... file 'biblatex.cfg' found.

(C:\Users\jason\AppData\Local\Programs\MiKTeX\tex/latex/biblatex\biblatex.cfg
File: biblatex.cfg 
)
Package biblatex Info: Input encoding 'utf8' detected.
Package biblatex Info: Document encoding is UTF8 ....

(C:\Users\jason\AppData\Local\Programs\MiKTeX\tex/latex/l3kernel\expl3.sty
Package: expl3 2025-12-24 L3 programming layer (loader) 

(C:\Users\jason\AppData\Local\Programs\MiKTeX\tex/latex/l3backend\l3backend-pdf
tex.def
File: l3backend-pdftex.def 2025-10-09 L3 backend support: PDF output (pdfTeX)
\l__color_backend_stack_int=\count485
))
Package biblatex Info: ... and expl3
(biblatex)             2025-12-24 L3 programming layer (loader) 
(biblatex)             is new enough (at least 2020/04/06),
(biblatex)             setting 'casechanger=expl3'.

(C:\Users\jason\AppData\Local\Programs\MiKTeX\tex/latex/biblatex\blx-case-expl3
.sty
(C:\Users\jason\AppData\Local\Programs\MiKTeX\tex/latex/l3packages/xparse\xpars
e.sty
Package: xparse 2025-10-09 L3 Experimental document command parser
)
Package: blx-case-expl3 2025/07/10 v3.21 expl3 case changing code for biblatex
))
Package csquotes Info: Checking for multilingual support...
Package csquotes Info: ... found 'babel' package.
Package csquotes Info: Adjusting default style.
Package csquotes Info: Redefining alias 'default' -> 'english'.
LaTeX Font Info:    Trying to load font information for T1+ptm on input line 48
.

(C:\Users\jason\AppData\Local\Programs\MiKTeX\tex/latex/psnfss\t1ptm.fd
File: t1ptm.fd 2001/06/04 font definitions for T1/ptm.
)
(main.aux (Chapters/98_appendices.aux) (Chapters/98_acronyms.aux)
(Chapters/99_vita.aux))
\openout1 = `main.aux'.

LaTeX Font Info:    Checking defaults for OML/cmm/m/it on input line 48.
LaTeX Font Info:    ... okay on input line 48.
LaTeX Font Info:    Checking defaults for OMS/cmsy/m/n on input line 48.
LaTeX Font Info:    ... okay on input line 48.
LaTeX Font Info:    Checking defaults for OT1/cmr/m/n on input line 48.
LaTeX Font Info:    ... okay on input line 48.
LaTeX Font Info:    Checking defaults for T1/cmr/m/n on input line 48.
LaTeX Font Info:    ... okay on input line 48.
LaTeX Font Info:    Checking defaults for TS1/cmr/m/n on input line 48.
LaTeX Font Info:    ... okay on input line 48.
LaTeX Font Info:    Checking defaults for OMX/cmex/m/n on input line 48.
LaTeX Font Info:    ... okay on input line 48.
LaTeX Font Info:    Checking defaults for U/cmr/m/n on input line 48.
LaTeX Font Info:    ... okay on input line 48.
Package caption Info: Begin \AtBeginDocument code.
Package caption Info: subfig package v1.3 is loaded.
Package caption Info: changepage package is loaded.
\caption@adjustwidth@hsize=\dimen194
\caption@adjustwidth@linewidth=\dimen195
Package caption Info: listings package is loaded.
Package caption Info: rotating package is loaded.
Package caption Info: End \AtBeginDocument code.
\c@subalgorithm=\count486
\c@subalgorithm@save=\count487
\c@loadepth=\count488

(C:\Users\jason\AppData\Local\Programs\MiKTeX\tex/latex/floatrow\fr-subfig.sty
Package: fr-subfig 2007/12/24 v0.1g (beta) floatrow: additions for subfig
\FBsc@max=\skip134
\FBso@max=\skip135
)
(C:\Users\jason\AppData\Local\Programs\MiKTeX\tex/context/base/mkii\supp-pdf.mk
ii
[Loading MPS to PDF converter (version 2006.09.02).]
\scratchcounter=\count489
\scratchdimen=\dimen196
\scratchbox=\box66
\nofMPsegments=\count490
\nofMParguments=\count491
\everyMPshowfont=\toks43
\MPscratchCnt=\count492
\MPscratchDim=\dimen197
\MPnumerator=\count493
\makeMPintoPDFobject=\count494
\everyMPtoPDFconversion=\toks44
)
(C:\Users\jason\AppData\Local\Programs\MiKTeX\tex/latex/epstopdf-pkg\epstopdf-b
ase.sty
Package: epstopdf-base 2020-01-24 v2.11 Base part for package epstopdf
Package epstopdf-base Info: Redefining graphics rule for `.eps' on input line 4
85.

(C:\Users\jason\AppData\Local\Programs\MiKTeX\tex/latex/00miktex\epstopdf-sys.c
fg
File: epstopdf-sys.cfg 2021/03/18 v2.0 Configuration of epstopdf for MiKTeX
))
\c@lstlisting=\count495

*geometry* driver: auto-detecting
*geometry* detected driver: pdftex
*geometry* verbose mode - [ preamble ] result:
* driver: pdftex
* paper: <default>
* layout: <same size as paper>
* layoutoffset:(h,v)=(0.0pt,0.0pt)
* modes: 
* h-part:(L,W,R)=(72.26999pt, 469.75502pt, 72.26999pt)
* v-part:(T,H,B)=(72.26999pt, 650.43001pt, 72.26999pt)
* \paperwidth=614.295pt
* \paperheight=794.96999pt
* \textwidth=469.75502pt
* \textheight=650.43001pt
* \oddsidemargin=0.0pt
* \evensidemargin=0.0pt
* \topmargin=-48.135pt
* \headheight=12.0pt
* \headsep=36.135pt
* \topskip=12.0pt
* \footskip=30.0pt
* \marginparwidth=44.0pt
* \marginparsep=10.0pt
* \columnsep=10.0pt
* \skip\footins=10.8pt plus 4.0pt minus 2.0pt
* \hoffset=0.0pt
* \voffset=0.0pt
* \mag=1000
* \@twocolumnfalse
* \@twosidefalse
* \@mparswitchfalse
* \@reversemarginfalse
* (1in=72.27pt=25.4mm, 1cm=28.453pt)

Package newfloat Info: Trying Plan B...
Package newfloat Info: `float' package detected.
Package biblatex Info: Trying to load language 'english'...
Package biblatex Info: ... file 'english.lbx' found.

(C:\Users\jason\AppData\Local\Programs\MiKTeX\tex/latex/biblatex/lbx\english.lb
x
File: english.lbx 2025/07/10 v3.21 biblatex localization (PK/MW)
)
Package biblatex Info: Input encoding 'utf8' detected.
Package biblatex Info: Automatic encoding selection.
(biblatex)             Assuming data encoding 'utf8'.
Package biblatex Info: Input encoding 'utf8' detected.
Package biblatex Info: Data encoding 'utf8' specified.
(biblatex)             No need to reencode data.
\openout3 = `main-blx.bib'.

Package biblatex Info: Trying to load bibliographic data...
Package biblatex Info: ... file 'main.bbl' found.
 (main.bbl)
Package biblatex Info: Reference section=0 on input line 48.
Package biblatex Info: Reference segment=0 on input line 48.

Underfull \hbox (badness 10000) in paragraph at lines 113--113

 []


Underfull \hbox (badness 10000) in paragraph at lines 113--113

 []


Underfull \hbox (badness 10000) in paragraph at lines 113--113

 []


Underfull \hbox (badness 10000) in paragraph at lines 113--113

 []


Underfull \hbox (badness 10000) in paragraph at lines 113--113

 []

[1

{C:/Users/jason/AppData/Local/MiKTeX/fonts/map/pdftex/pdftex.map}{C:/Users/jaso
n/AppData/Local/Programs/MiKTeX/fonts/enc/dvips/base/8r.enc}] [2

] [3]
[4

] [5

] [6

] (main.toc
LaTeX Font Info:    Trying to load font information for OT1+ztmcm on input line
 4.

(C:\Users\jason\AppData\Local\Programs\MiKTeX\tex/latex/psnfss\ot1ztmcm.fd
File: ot1ztmcm.fd 2000/01/03 Fontinst v1.801 font definitions for OT1/ztmcm.
)
LaTeX Font Info:    Trying to load font information for OML+ztmcm on input line
 4.

(C:\Users\jason\AppData\Local\Programs\MiKTeX\tex/latex/psnfss\omlztmcm.fd
File: omlztmcm.fd 2000/01/03 Fontinst v1.801 font definitions for OML/ztmcm.
)
LaTeX Font Info:    Trying to load font information for OMS+ztmcm on input line
 4.

(C:\Users\jason\AppData\Local\Programs\MiKTeX\tex/latex/psnfss\omsztmcm.fd
File: omsztmcm.fd 2000/01/03 Fontinst v1.801 font definitions for OMS/ztmcm.
)
LaTeX Font Info:    Trying to load font information for OMX+ztmcm on input line
 4.

(C:\Users\jason\AppData\Local\Programs\MiKTeX\tex/latex/psnfss\omxztmcm.fd
File: omxztmcm.fd 2000/01/03 Fontinst v1.801 font definitions for OMX/ztmcm.
)
LaTeX Font Info:    Trying to load font information for OT1+ptm on input line 4
.

(C:\Users\jason\AppData\Local\Programs\MiKTeX\tex/latex/psnfss\ot1ptm.fd
File: ot1ptm.fd 2001/06/04 font definitions for OT1/ptm.
)
LaTeX Font Info:    Font shape `OT1/ptm/bx/n' in size <12> not available
(Font)              Font shape `OT1/ptm/b/n' tried instead on input line 4.
LaTeX Font Info:    Font shape `OT1/ptm/bx/n' in size <9> not available
(Font)              Font shape `OT1/ptm/b/n' tried instead on input line 4.
LaTeX Font Info:    Font shape `OT1/ptm/bx/n' in size <7> not available
(Font)              Font shape `OT1/ptm/b/n' tried instead on input line 4.

[7


] [8])
\tf@toc=\write4
\openout4 = `main.toc'.

 [9] (main.lot)
\tf@lot=\write5
\openout5 = `main.lot'.

 [10


] (main.lof [11


])
\tf@lof=\write6
\openout6 = `main.lof'.

 [12] (Chapters/01_introduction.tex
<Figures/threshold_and_lag.pdf, id=41, 850.45892pt x 1254.08516pt>
File: Figures/threshold_and_lag.pdf Graphic file (type pdf)
<use Figures/threshold_and_lag.pdf>
Package pdftex.def Info: Figures/threshold_and_lag.pdf  used on input line 13.
(pdftex.def)             Requested size: 352.31625pt x 519.53627pt.

LaTeX Warning: Float too large for page by 24.10626pt on input line 16.

[1


] [2]
LaTeX Font Info:    Trying to load font information for TS1+ptm on input line 3
2.

(C:\Users\jason\AppData\Local\Programs\MiKTeX\tex/latex/psnfss\ts1ptm.fd
File: ts1ptm.fd 2001/06/04 font definitions for TS1/ptm.
)
[3] [4]
<Figures/new_dataset_pipeline_workflow.pdf, id=57, 692.5875pt x 873.2625pt>
File: Figures/new_dataset_pipeline_workflow.pdf Graphic file (type pdf)
<use Figures/new_dataset_pipeline_workflow.pdf>
Package pdftex.def Info: Figures/new_dataset_pipeline_workflow.pdf  used on inp
ut line 53.
(pdftex.def)             Requested size: 436.86871pt x 550.85118pt.
 [5] [6] [7] [8] [9] [10] [11]) (Chapters/02_background.tex [12]
[13 <./Figures/threshold_and_lag.pdf>] [14 <./Figures/new_dataset_pipeline_work
flow.pdf>] [15

] [16] [17]) (Chapters/03_relatedwork.tex [18] [19

] [20] [21]
[22] [23] [24]

LaTeX Warning: Reference `tab:dissertation_delta' on page 25 undefined on input
 line 97.

) (Chapters/05_rq1.tex [25] [26] [27

]
<Figures/toy_example.pdf, id=201, 578.16pt x 433.62pt>
File: Figures/toy_example.pdf Graphic file (type pdf)
<use Figures/toy_example.pdf>
Package pdftex.def Info: Figures/toy_example.pdf  used on input line 25.
(pdftex.def)             Requested size: 352.31625pt x 264.23654pt.
 [28] [29 <./Figures/toy_example.pdf>]
[30] [31]

pdfTeX warning: pdflatex.exe (file ./Figures/first_irrelevant.pdf): PDF inclusi
on: found PDF version <1.7>, but at most version <1.5> allowed
<Figures/first_irrelevant.pdf, id=222, 963.6pt x 542.025pt>
File: Figures/first_irrelevant.pdf Graphic file (type pdf)
<use Figures/first_irrelevant.pdf>
Package pdftex.def Info: Figures/first_irrelevant.pdf  used on input line 102.
(pdftex.def)             Requested size: 352.31625pt x 198.17244pt.
[32] [33 <./Figures/first_irrelevant.pdf>]

pdfTeX warning: pdflatex.exe (file ./Figures/both_relevant.pdf): PDF inclusion:
 found PDF version <1.7>, but at most version <1.5> allowed
<Figures/both_relevant.pdf, id=239, 963.6pt x 542.025pt>
File: Figures/both_relevant.pdf Graphic file (type pdf)
<use Figures/both_relevant.pdf>
Package pdftex.def Info: Figures/both_relevant.pdf  used on input line 116.
(pdftex.def)             Requested size: 352.31625pt x 198.17244pt.
[34 <./Figures/both_relevant.pdf>] [35] [36] [37]
<Figures/Coefficient_Comparison_Raw_vs._Rectified.png, id=263, 1011.78pt x 549.
252pt>
File: Figures/Coefficient_Comparison_Raw_vs._Rectified.png Graphic file (type p
ng)
<use Figures/Coefficient_Comparison_Raw_vs._Rectified.png>
Package pdftex.def Info: Figures/Coefficient_Comparison_Raw_vs._Rectified.png  
used on input line 189.
(pdftex.def)             Requested size: 422.77664pt x 229.51094pt.
 [38]
<Figures/stability_ablation_summary.png, id=268, 855.195pt x 567.5604pt>
File: Figures/stability_ablation_summary.png Graphic file (type png)
<use Figures/stability_ablation_summary.png>
Package pdftex.def Info: Figures/stability_ablation_summary.png  used on input 
line 217.
(pdftex.def)             Requested size: 399.29463pt x 264.99539pt.
 [39 <./Figures/Coefficient_Comparison_Raw_vs._Rectified.png>]
<Figures/stability_pairwise_jaccard.png, id=273, 855.195pt x 312.6882pt>
File: Figures/stability_pairwise_jaccard.png Graphic file (type png)
<use Figures/stability_pairwise_jaccard.png>
Package pdftex.def Info: Figures/stability_pairwise_jaccard.png  used on input 
line 226.
(pdftex.def)             Requested size: 352.31625pt x 128.81847pt.
<Figures/stability_selection_frequency.png, id=274, 1161.6198pt x 586.3506pt>
File: Figures/stability_selection_frequency.png Graphic file (type png)
<use Figures/stability_selection_frequency.png>
Package pdftex.def Info: Figures/stability_selection_frequency.png  used on inp
ut line 233.
(pdftex.def)             Requested size: 469.75502pt x 237.12175pt.
<Figures/lag_runtime_scaling.png, id=275, 638.8668pt x 385.44pt>
File: Figures/lag_runtime_scaling.png Graphic file (type png)
<use Figures/lag_runtime_scaling.png>
Package pdftex.def Info: Figures/lag_runtime_scaling.png  used on input line 24
2.
(pdftex.def)             Requested size: 352.31625pt x 212.56314pt.
 [40] [41 <./Figures/stability_ablation_summary.png>]
<Figures/katrutsa_figure.pdf, id=283, 592.08078pt x 516.98706pt>
File: Figures/katrutsa_figure.pdf Graphic file (type pdf)
<use Figures/katrutsa_figure.pdf>
Package pdftex.def Info: Figures/katrutsa_figure.pdf  used on input line 257.
(pdftex.def)             Requested size: 352.31625pt x 307.63872pt.
 [42 <./Figures/stability_pairwise_jaccard.png>] [43 <./Figures/stability_selec
tion_frequency.png>] [44 <./Figures/lag_runtime_scaling.png>]
[45 <./Figures/katrutsa_figure.pdf>] [46]
<Figures/interpretable_baselines_case1_summary.png, id=351, 1317.57243pt x 372.
1905pt>
File: Figures/interpretable_baselines_case1_summary.png Graphic file (type png)

<use Figures/interpretable_baselines_case1_summary.png>
Package pdftex.def Info: Figures/interpretable_baselines_case1_summary.png  use
d on input line 312.
(pdftex.def)             Requested size: 432.17375pt x 122.07927pt.
<Figures/interpretable_baselines_dual_support_frequency.png, id=352, 873.56363p
t x 953.964pt>
File: Figures/interpretable_baselines_dual_support_frequency.png Graphic file (
type png)
<use Figures/interpretable_baselines_dual_support_frequency.png>
Package pdftex.def Info: Figures/interpretable_baselines_dual_support_frequency
.png  used on input line 319.
(pdftex.def)             Requested size: 327.58556pt x 357.73563pt.
<Figures/interpretable_baselines_case1_tradeoff.png, id=353, 564.60938pt x 420.
06938pt>
File: Figures/interpretable_baselines_case1_tradeoff.png Graphic file (type png
)
<use Figures/interpretable_baselines_case1_tradeoff.png>
Package pdftex.def Info: Figures/interpretable_baselines_case1_tradeoff.png  us
ed on input line 326.
(pdftex.def)             Requested size: 366.40834pt x 272.61241pt.
 [47] [48 <./Figures/interpretable_baselines_case1_summary.png>] [49] [50]
<Figures/hai_attack_p2_sm_cutlass_logic_polished_full_pipeline_coefficients.png
, id=368, 840.86145pt x 638.8668pt>
File: Figures/hai_attack_p2_sm_cutlass_logic_polished_full_pipeline_coefficient
s.png Graphic file (type png)
<use Figures/hai_attack_p2_sm_cutlass_logic_polished_full_pipeline_coefficients
.png>
Package pdftex.def Info: Figures/hai_attack_p2_sm_cutlass_logic_polished_full_p
ipeline_coefficients.png  used on input line 391.
(pdftex.def)             Requested size: 352.31625pt x 267.67883pt.
<Figures/hai_attack_p2_sm_roc_comparison.png, id=369, 606.70665pt x 462.16666pt
>
File: Figures/hai_attack_p2_sm_roc_comparison.png Graphic file (type png)
<use Figures/hai_attack_p2_sm_roc_comparison.png>
Package pdftex.def Info: Figures/hai_attack_p2_sm_roc_comparison.png  used on i
nput line 398.
(pdftex.def)             Requested size: 352.31625pt x 268.38829pt.
<Figures/hai_attack_p2_sm_logical_J_vs_k.png, id=370, 643.203pt x 461.0826pt>
File: Figures/hai_attack_p2_sm_logical_J_vs_k.png Graphic file (type png)
<use Figures/hai_attack_p2_sm_logical_J_vs_k.png>
Package pdftex.def Info: Figures/hai_attack_p2_sm_logical_J_vs_k.png  used on i
nput line 406.
(pdftex.def)             Requested size: 352.31625pt x 252.56198pt.
 [51]
<Figures/cross_domain_transfer_deltas.png, id=374, 848.72081pt x 341.47575pt>
File: Figures/cross_domain_transfer_deltas.png Graphic file (type png)
<use Figures/cross_domain_transfer_deltas.png>
Package pdftex.def Info: Figures/cross_domain_transfer_deltas.png  used on inpu
t line 420.
(pdftex.def)             Requested size: 432.17375pt x 173.88458pt.
<Figures/cross_domain_ionosphere_protocol_comparison.png, id=375, 1072.30612pt 
x 341.92744pt>
File: Figures/cross_domain_ionosphere_protocol_comparison.png Graphic file (typ
e png)
<use Figures/cross_domain_ionosphere_protocol_comparison.png>
Package pdftex.def Info: Figures/cross_domain_ionosphere_protocol_comparison.pn
g  used on input line 429.
(pdftex.def)             Requested size: 469.75502pt x 149.79114pt.
 [52]
<Figures/goose_bay_delta_j_protocols.png, id=379, 858.65794pt x 422.7795pt>
File: Figures/goose_bay_delta_j_protocols.png Graphic file (type png)
<use Figures/goose_bay_delta_j_protocols.png>
Package pdftex.def Info: Figures/goose_bay_delta_j_protocols.png  used on input
 line 438.
(pdftex.def)             Requested size: 432.17375pt x 212.79556pt.
<Figures/goose_bay_quantile_sweep.png, id=380, 800.84193pt x 409.68056pt>
File: Figures/goose_bay_quantile_sweep.png Graphic file (type png)
<use Figures/goose_bay_quantile_sweep.png>
Package pdftex.def Info: Figures/goose_bay_quantile_sweep.png  used on input li
ne 447.
(pdftex.def)             Requested size: 422.77664pt x 216.2795pt.
 [53]
<Figures/goose_bay_c_sweep_scatter.png, id=384, 733.0888pt x 461.62462pt>
File: Figures/goose_bay_c_sweep_scatter.png Graphic file (type png)
<use Figures/goose_bay_c_sweep_scatter.png>
Package pdftex.def Info: Figures/goose_bay_c_sweep_scatter.png  used on input l
ine 456.
(pdftex.def)             Requested size: 450.96797pt x 283.97844pt.
 [54] [55] [56 <./Figures/interpretable_baselines_dual_support_frequency.png>] 
[57 <./Figures/interpretable_baselines_case1_tradeoff.png>] [58] [59] [60 <./Fi
gures/hai_attack_p2_sm_cutlass_logic_polished_full_pipeline_coefficients.png>] 
[61 <./Figures/hai_attack_p2_sm_roc_comparison.png>] [62 <./Figures/hai_attack_
p2_sm_logical_J_vs_k.png>]
[63 <./Figures/cross_domain_transfer_deltas.png> <./Figures/cross_domain_ionosp
here_protocol_comparison.png>] [64 <./Figures/goose_bay_delta_j_protocols.png> 
<./Figures/goose_bay_quantile_sweep.png>] [65 <./Figures/goose_bay_c_sweep_scat
ter.png>]) (Chapters/06_rq2.tex [66

] [67

] [68] [69] [70] [71] [72] [73]
[74] [75] [76] [77] [78] [79]
<Figures/boundary_ic_sweep.png, id=480, 855.6768pt x 590.6868pt>
File: Figures/boundary_ic_sweep.png Graphic file (type png)
<use Figures/boundary_ic_sweep.png>
Package pdftex.def Info: Figures/boundary_ic_sweep.png  used on input line 284.

(pdftex.def)             Requested size: 469.75502pt x 324.28387pt.
 [80]
<Figures/boundary_ic_stress_heatmaps.png, id=484, 873.5034pt x 600.8046pt>
File: Figures/boundary_ic_stress_heatmaps.png Graphic file (type png)
<use Figures/boundary_ic_stress_heatmaps.png>
Package pdftex.def Info: Figures/boundary_ic_stress_heatmaps.png  used on input
 line 301.
(pdftex.def)             Requested size: 469.75502pt x 323.10036pt.
<Figures/boundary_ic_hai_a2_rectified_calibrated_heatmaps.png, id=485, 873.5034
pt x 598.3956pt>
File: Figures/boundary_ic_hai_a2_rectified_calibrated_heatmaps.png Graphic file
 (type png)
<use Figures/boundary_ic_hai_a2_rectified_calibrated_heatmaps.png>
Package pdftex.def Info: Figures/boundary_ic_hai_a2_rectified_calibrated_heatma
ps.png  used on input line 308.
(pdftex.def)             Requested size: 469.75502pt x 321.80484pt.
 [81]
<Figures/boundary_inactive_count_sweep.png, id=489, 855.195pt x 354.6048pt>
File: Figures/boundary_inactive_count_sweep.png Graphic file (type png)
<use Figures/boundary_inactive_count_sweep.png>
Package pdftex.def Info: Figures/boundary_inactive_count_sweep.png  used on inp
ut line 325.
(pdftex.def)             Requested size: 469.75502pt x 194.77892pt.
 [82]
<Figures/boundary_threshold_bridge.png, id=493, 855.6768pt x 334.851pt>
File: Figures/boundary_threshold_bridge.png Graphic file (type png)
<use Figures/boundary_threshold_bridge.png>
Package pdftex.def Info: Figures/boundary_threshold_bridge.png  used on input l
ine 340.
(pdftex.def)             Requested size: 432.17375pt x 169.1214pt.
 [83]
LaTeX Font Info:    Font shape `OT1/ptm/bx/n' in size <10.95> not available
(Font)              Font shape `OT1/ptm/b/n' tried instead on input line 362.
 [84] [85] [86])
(Chapters/07_rq3.tex [87] [88 <./Figures/boundary_ic_sweep.png>] [89 <./Figures
/boundary_ic_stress_heatmaps.png>] [90 <./Figures/boundary_ic_hai_a2_rectified_
calibrated_heatmaps.png>] [91 <./Figures/boundary_inactive_count_sweep.png>]
[92 <./Figures/boundary_threshold_bridge.png>] [93

] [94] [95] [96] [97]
<Figures/rq3_real_data_frontiers.png, id=548, 1144.6765pt x 639.5895pt>
File: Figures/rq3_real_data_frontiers.png Graphic file (type png)
<use Figures/rq3_real_data_frontiers.png>
Package pdftex.def Info: Figures/rq3_real_data_frontiers.png  used on input lin
e 87.
(pdftex.def)             Requested size: 469.75502pt x 262.47737pt.

[98] [99 <./Figures/rq3_real_data_frontiers.png>] [100]
<Figures/synthetic_logical_J_vs_k.png, id=559, 491.436pt x 303.534pt>
File: Figures/synthetic_logical_J_vs_k.png Graphic file (type png)
<use Figures/synthetic_logical_J_vs_k.png>
Package pdftex.def Info: Figures/synthetic_logical_J_vs_k.png  used on input li
ne 121.
(pdftex.def)             Requested size: 352.31625pt x 217.618pt.
 [101] [102 <./Figures/synthetic_logical_J_vs_k.png>]) (Chapters/88_futurework.
tex [103] [104] [105

]
[106]) (Chapters/89_conclusion.tex [107] [108

] [109] [110] [111] [112])
[113] [114


] [115] [116] [117] [118] [119]
\openout2 = `Chapters/98_appendices.aux'.

 (Chapters/98_appendices.tex
APPENDIX A
<Figures/curve_generation_1.png, id=621, 715.92468pt x 139.27031pt>
File: Figures/curve_generation_1.png Graphic file (type png)
<use Figures/curve_generation_1.png>
Package pdftex.def Info: Figures/curve_generation_1.png  used on input line 14.

(pdftex.def)             Requested size: 352.31625pt x 68.5363pt.
[120



 <./Figures/curve_generation_1.png>]
<Figures/curve_generation_2.png, id=625, 711.4078pt x 137.7647pt>
File: Figures/curve_generation_2.png Graphic file (type png)
<use Figures/curve_generation_2.png>
Package pdftex.def Info: Figures/curve_generation_2.png  used on input line 23.

(pdftex.def)             Requested size: 352.31625pt x 68.22841pt.
<Figures/curve_generation_3.png, id=626, 718.93594pt x 136.25906pt>
File: Figures/curve_generation_3.png Graphic file (type png)
<use Figures/curve_generation_3.png>
Package pdftex.def Info: Figures/curve_generation_3.png  used on input line 34.

(pdftex.def)             Requested size: 352.31625pt x 66.77583pt.
 [121 <./Figures/curve_generation_2.png>]
<Figures/curve_flatten.png, id=631, 943.27406pt x 490.08093pt>
File: Figures/curve_flatten.png Graphic file (type png)
<use Figures/curve_flatten.png>
Package pdftex.def Info: Figures/curve_flatten.png  used on input line 45.
(pdftex.def)             Requested size: 352.31625pt x 183.04704pt.
 [122 <./Figures/curve_generation_3.png>] [123 <./Figures/curve_flatten.png>]
APPENDIX B
[124

] [125] [126] [127] [128] [129] [130] [131] [132] [133] [134] [135]
APPENDIX C
[136

] [137] [138]
APPENDIX D
) [139

] [140] [141]
\openout2 = `Chapters/98_acronyms.aux'.

 (Chapters/98_acronyms.tex
APPENDIX E
[142





] [143] [144] [145] [146]) [147]
\openout2 = `Chapters/99_vita.aux'.

 (Chapters/99_vita.tex) [148




]

Package caption Warning: Unused \captionsetup[subalgorithm] on input line 48.
See the caption package documentation for explanation.

(main.aux (Chapters/98_appendices.aux) (Chapters/98_acronyms.aux)
(Chapters/99_vita.aux))
 ***********
LaTeX2e <2025-11-01>
L3 programming layer <2025-12-24>
 ***********


LaTeX Warning: There were undefined references.

Package logreq Info: Writing requests to 'main.run.xml'.
\openout1 = `main.run.xml'.

 ) 
Here is how much of TeX's memory you used:
 20744 strings out of 467871
 384714 string characters out of 5418376
 1039345 words of memory out of 5000000
 49237 multiletter control sequences out of 15000+600000
 717798 words of font info for 195 fonts, out of 8000000 for 9000
 1141 hyphenation exceptions out of 8191
 72i,15n,79p,2715b,1956s stack positions out of 10000i,1000n,20000p,200000b,200000s
 <C:\Users\jason\AppData\Local\MiKTeX\fonts/pk/ljfour/jknappen/ec/dpi600\ectt
0800.pk> <C:\Users\jason\AppData\Local\MiKTeX\fonts/pk/ljfour/jknappen/ec/dpi60
0\ectt1000.pk> <C:\Users\jason\AppData\Local\MiKTeX\fonts/pk/ljfour/jknappen/ec
/dpi600\ectt1200.pk><C:/Users/jason/AppData/Local/Programs/MiKTeX/fonts/type1/p
ublic/amsfonts/cm/cmex10.pfb><C:/Users/jason/AppData/Local/Programs/MiKTeX/font
s/type1/public/amsfonts/cm/cmmi10.pfb><C:/Users/jason/AppData/Local/Programs/Mi
KTeX/fonts/type1/public/amsfonts/cm/cmr10.pfb><C:/Users/jason/AppData/Local/Pro
grams/MiKTeX/fonts/type1/public/amsfonts/cm/cmsy10.pfb><C:/Users/jason/AppData/
Local/Programs/MiKTeX/fonts/type1/public/amsfonts/symbols/msbm10.pfb><C:/Users/
jason/AppData/Local/Programs/MiKTeX/fonts/type1/public/rsfs/rsfs10.pfb><C:/User
s/jason/AppData/Local/Programs/MiKTeX/fonts/type1/urw/symbol/usyr.pfb><C:/Users
/jason/AppData/Local/Programs/MiKTeX/fonts/type1/urw/symbol/usyr.pfb><C:/Users/
jason/AppData/Local/Programs/MiKTeX/fonts/type1/urw/times/utmb8a.pfb><C:/Users/
jason/AppData/Local/Programs/MiKTeX/fonts/type1/urw/times/utmr8a.pfb><C:/Users/
jason/AppData/Local/Programs/MiKTeX/fonts/type1/urw/times/utmri8a.pfb>
Output written on main.pdf (160 pages, 3895487 bytes).
PDF statistics:
 867 PDF objects out of 1000 (max. 8388607)
 0 named destinations out of 1000 (max. 500000)
 166 words of extra memory for PDF output out of 10000 (max. 10000000)

